[INFO] Scanning for projects...
[INFO] ------------------------------------------------------------------------
[INFO] Reactor Build Order:
[INFO] 
[INFO] JBSA reactor                                                       [pom]
[INFO] JBSA archive library                                               [jar]
[INFO] JBSA command-line interface                                        [jar]
[INFO] JBSA build-only test support                                       [jar]
[INFO] JBSA build-only conformance tests                                  [jar]
[INFO] JBSA build-only benchmarks                                         [jar]
[INFO] JBSA build-only distribution assembly                              [pom]
[INFO] 
[INFO] ----------------< io.github.evildarkarchon:jbsa-parent >----------------
[INFO] Building JBSA reactor 0.1.0-SNAPSHOT                               [1/7]
[INFO]   from pom.xml
[INFO] --------------------------------[ pom ]---------------------------------
[INFO] 
[INFO] --- enforcer:3.6.3:enforce (enforce-build-foundation) @ jbsa-parent ---
[INFO] Rule 0: org.apache.maven.enforcer.rules.version.RequireMavenVersion passed
[INFO] Rule 1: org.apache.maven.enforcer.rules.version.RequireJavaVersion passed
[INFO] Rule 2: org.apache.maven.enforcer.rules.dependency.DependencyConvergence passed
[INFO] Rule 3: org.apache.maven.enforcer.rules.ReactorModuleConvergence passed
[INFO] Rule 4: org.apache.maven.enforcer.rules.RequirePluginVersions passed
[INFO] Rule 5: org.apache.maven.enforcer.rules.dependency.RequireReleaseDeps passed
[INFO] 
[INFO] --- failsafe:3.5.6:integration-test (verify-packaged-artifacts) @ jbsa-parent ---
[INFO] No tests to run.
[INFO] 
[INFO] --- failsafe:3.5.6:verify (verify-packaged-artifacts) @ jbsa-parent ---
[INFO] No tests to run.
[INFO] 
[INFO] --- spotless:3.10.1:check (check-formatting) @ jbsa-parent ---
[INFO] 
[INFO] --- cyclonedx:2.9.3:makeAggregateBom (generate-aggregate-sbom) @ jbsa-parent ---
[INFO] CycloneDX: Resolving Aggregated Dependencies
[INFO] Excluding jbsa-benchmarks
[INFO] Excluding jbsa-conformance-tests
[INFO] Excluding jbsa-dist
[INFO] Excluding jbsa-test-support
[INFO] CycloneDX: Creating BOM version 1.6 with 6 component(s)
[INFO] CycloneDX: Writing and validating BOM (JSON): C:\Users\evild\AppData\Local\Temp\jbsa-maven-parity-df46409b73df4b6ea642ec3c83171031\source\target\compliance\jbsa.cdx.json
[WARNING] Unknown keyword meta:enum - you should define your own Meta Schema. If the keyword is irrelevant for validation, just use a NonValidationKeyword or if it should generate annotations AnnotationKeyword
[WARNING] Unknown keyword deprecated - you should define your own Meta Schema. If the keyword is irrelevant for validation, just use a NonValidationKeyword or if it should generate annotations AnnotationKeyword
[INFO] 
[INFO] --- exec:3.6.2:exec (verify-compliance-evidence) @ jbsa-parent ---
Compliance verification passed: policy, inventories, notices, tracked bytes, and release inputs are authorized.
[INFO] 
[INFO] -------------------< io.github.evildarkarchon:jbsa >--------------------
[INFO] Building JBSA archive library 0.1.0-SNAPSHOT                       [2/7]
[INFO]   from jbsa\pom.xml
[INFO] --------------------------------[ jar ]---------------------------------
[INFO] 
[INFO] --- enforcer:3.6.3:enforce (enforce-build-foundation) @ jbsa ---
[INFO] Rule 2: org.apache.maven.enforcer.rules.dependency.DependencyConvergence passed
[INFO] Rule 4: org.apache.maven.enforcer.rules.RequirePluginVersions passed
[INFO] Rule 5: org.apache.maven.enforcer.rules.dependency.RequireReleaseDeps passed
[INFO] 
[INFO] --- resources:3.5.0:resources (default-resources) @ jbsa ---
[INFO] Copying 2 resources from src\main\resources to target\classes
[INFO] 
[INFO] --- flatten:1.8.0:flatten (flatten-consumer-pom) @ jbsa ---
[INFO] Generating flattened POM of project io.github.evildarkarchon:jbsa:jar:0.1.0-SNAPSHOT...
[INFO] 
[INFO] --- compiler:3.16.0:compile (default-compile) @ jbsa ---
[INFO] Nothing to compile - all classes are up to date.
[INFO] 
[INFO] --- resources:3.5.0:testResources (default-testResources) @ jbsa ---
[INFO] skip non existing resourceDirectory C:\Users\evild\AppData\Local\Temp\jbsa-maven-parity-df46409b73df4b6ea642ec3c83171031\source\jbsa\src\test\resources
[INFO] 
[INFO] --- compiler:3.16.0:testCompile (default-testCompile) @ jbsa ---
[INFO] Nothing to compile - all classes are up to date.
[INFO] 
[INFO] --- surefire:3.5.6:test (default-test) @ jbsa ---
[INFO] Using auto detected provider org.apache.maven.surefire.junitplatform.JUnitPlatformProvider
[INFO] 
[INFO] -------------------------------------------------------
[INFO]  T E S T S
[INFO] -------------------------------------------------------
[INFO] 
[INFO] Results:
[INFO] 
[INFO] Tests run: 0, Failures: 0, Errors: 0, Skipped: 0
[INFO] 
[INFO] 
[INFO] --- jar:3.5.1:jar (default-jar) @ jbsa ---
[INFO] 
[INFO] --- source:3.4.0:jar-no-fork (attach-sources) @ jbsa ---
[INFO] 
[INFO] --- javadoc:3.12.0:jar (attach-javadocs) @ jbsa ---
[INFO] Building jar: C:\Users\evild\AppData\Local\Temp\jbsa-maven-parity-df46409b73df4b6ea642ec3c83171031\source\jbsa\target\jbsa-0.1.0-SNAPSHOT-javadoc.jar
[INFO] 
[INFO] --- failsafe:3.5.6:integration-test (verify-packaged-artifacts) @ jbsa ---
[INFO] 
[INFO] --- failsafe:3.5.6:verify (verify-packaged-artifacts) @ jbsa ---
[INFO] No tests to run.
[INFO] 
[INFO] --- spotless:3.10.1:check (check-formatting) @ jbsa ---
[INFO] Spotless.Java is keeping 118 files clean - 0 needs changes to be clean, 0 were already clean, 118 were skipped because caching determined they were already clean
[INFO] 
[INFO] -----------------< io.github.evildarkarchon:jbsa-cli >------------------
[INFO] Building JBSA command-line interface 0.1.0-SNAPSHOT                [3/7]
[INFO]   from jbsa-cli\pom.xml
[INFO] --------------------------------[ jar ]---------------------------------
[INFO] 
[INFO] --- enforcer:3.6.3:enforce (enforce-build-foundation) @ jbsa-cli ---
[INFO] Rule 2: org.apache.maven.enforcer.rules.dependency.DependencyConvergence passed
[INFO] Rule 4: org.apache.maven.enforcer.rules.RequirePluginVersions passed
[INFO] Rule 5: org.apache.maven.enforcer.rules.dependency.RequireReleaseDeps passed
[INFO] 
[INFO] --- resources:3.5.0:resources (default-resources) @ jbsa-cli ---
[INFO] skip non existing resourceDirectory C:\Users\evild\AppData\Local\Temp\jbsa-maven-parity-df46409b73df4b6ea642ec3c83171031\source\jbsa-cli\src\main\resources
[INFO] 
[INFO] --- compiler:3.16.0:compile (default-compile) @ jbsa-cli ---
[INFO] Recompiling the module because of changed dependency.
[INFO] Compiling 4 source files with javac [debug parameters release 25 module-path] to target\classes
[INFO] JDK-8318913 workaround: patched module-info.class requires version from [25] to [25] on 1 JDK modules [java.base]
[INFO] 
[INFO] --- resources:3.5.0:testResources (default-testResources) @ jbsa-cli ---
[INFO] skip non existing resourceDirectory C:\Users\evild\AppData\Local\Temp\jbsa-maven-parity-df46409b73df4b6ea642ec3c83171031\source\jbsa-cli\src\test\resources
[INFO] 
[INFO] --- compiler:3.16.0:testCompile (default-testCompile) @ jbsa-cli ---
[INFO] Recompiling the module because of changed dependency.
[INFO] Compiling 1 source file with javac [debug parameters release 25 module-path] to target\test-classes
[INFO] 
[INFO] --- surefire:3.5.6:test (default-test) @ jbsa-cli ---
[INFO] Using auto detected provider org.apache.maven.surefire.junitplatform.JUnitPlatformProvider
[INFO] 
[INFO] -------------------------------------------------------
[INFO]  T E S T S
[INFO] -------------------------------------------------------
[INFO] 
[INFO] Results:
[INFO] 
[INFO] Tests run: 0, Failures: 0, Errors: 0, Skipped: 0
[INFO] 
[INFO] 
[INFO] --- jar:3.5.1:jar (default-jar) @ jbsa-cli ---
[INFO] Building jar: C:\Users\evild\AppData\Local\Temp\jbsa-maven-parity-df46409b73df4b6ea642ec3c83171031\source\jbsa-cli\target\jbsa-cli-0.1.0-SNAPSHOT.jar
[INFO] 
[INFO] --- failsafe:3.5.6:integration-test (verify-packaged-artifacts) @ jbsa-cli ---
[INFO] 
[INFO] --- failsafe:3.5.6:verify (verify-packaged-artifacts) @ jbsa-cli ---
[INFO] No tests to run.
[INFO] 
[INFO] --- spotless:3.10.1:check (check-formatting) @ jbsa-cli ---
[INFO] Spotless.Java is keeping 5 files clean - 0 needs changes to be clean, 0 were already clean, 5 were skipped because caching determined they were already clean
[INFO] 
[INFO] -------------< io.github.evildarkarchon:jbsa-test-support >-------------
[INFO] Building JBSA build-only test support 0.1.0-SNAPSHOT               [4/7]
[INFO]   from jbsa-test-support\pom.xml
[INFO] --------------------------------[ jar ]---------------------------------
[INFO] 
[INFO] --- enforcer:3.6.3:enforce (enforce-build-foundation) @ jbsa-test-support ---
[INFO] Rule 2: org.apache.maven.enforcer.rules.dependency.DependencyConvergence passed
[INFO] Rule 4: org.apache.maven.enforcer.rules.RequirePluginVersions passed
[INFO] Rule 5: org.apache.maven.enforcer.rules.dependency.RequireReleaseDeps passed
[INFO] 
[INFO] --- resources:3.5.0:resources (default-resources) @ jbsa-test-support ---
[INFO] skip non existing resourceDirectory C:\Users\evild\AppData\Local\Temp\jbsa-maven-parity-df46409b73df4b6ea642ec3c83171031\source\jbsa-test-support\src\main\resources
[INFO] 
[INFO] --- compiler:3.16.0:compile (default-compile) @ jbsa-test-support ---
[INFO] Nothing to compile - all classes are up to date.
[INFO] 
[INFO] --- resources:3.5.0:testResources (default-testResources) @ jbsa-test-support ---
[INFO] skip non existing resourceDirectory C:\Users\evild\AppData\Local\Temp\jbsa-maven-parity-df46409b73df4b6ea642ec3c83171031\source\jbsa-test-support\src\test\resources
[INFO] 
[INFO] --- compiler:3.16.0:testCompile (default-testCompile) @ jbsa-test-support ---
[INFO] No sources to compile
[INFO] 
[INFO] --- surefire:3.5.6:test (default-test) @ jbsa-test-support ---
[INFO] No tests to run.
[INFO] 
[INFO] --- jar:3.5.1:jar (default-jar) @ jbsa-test-support ---
[INFO] 
[INFO] --- failsafe:3.5.6:integration-test (verify-packaged-artifacts) @ jbsa-test-support ---
[INFO] No tests to run.
[INFO] 
[INFO] --- failsafe:3.5.6:verify (verify-packaged-artifacts) @ jbsa-test-support ---
[INFO] No tests to run.
[INFO] 
[INFO] --- spotless:3.10.1:check (check-formatting) @ jbsa-test-support ---
[INFO] Spotless.Java is keeping 3 files clean - 0 needs changes to be clean, 0 were already clean, 3 were skipped because caching determined they were already clean
[INFO] 
[INFO] ----------< io.github.evildarkarchon:jbsa-conformance-tests >-----------
[INFO] Building JBSA build-only conformance tests 0.1.0-SNAPSHOT          [5/7]
[INFO]   from jbsa-conformance-tests\pom.xml
[INFO] --------------------------------[ jar ]---------------------------------
[INFO] 
[INFO] --- enforcer:3.6.3:enforce (enforce-build-foundation) @ jbsa-conformance-tests ---
[INFO] Rule 2: org.apache.maven.enforcer.rules.dependency.DependencyConvergence passed
[INFO] Rule 4: org.apache.maven.enforcer.rules.RequirePluginVersions passed
[INFO] Rule 5: org.apache.maven.enforcer.rules.dependency.RequireReleaseDeps passed
[INFO] 
[INFO] --- resources:3.5.0:resources (default-resources) @ jbsa-conformance-tests ---
[INFO] skip non existing resourceDirectory C:\Users\evild\AppData\Local\Temp\jbsa-maven-parity-df46409b73df4b6ea642ec3c83171031\source\jbsa-conformance-tests\src\main\resources
[INFO] 
[INFO] --- compiler:3.16.0:compile (default-compile) @ jbsa-conformance-tests ---
[INFO] No sources to compile
[INFO] 
[INFO] --- resources:3.5.0:testResources (default-testResources) @ jbsa-conformance-tests ---
[INFO] skip non existing resourceDirectory C:\Users\evild\AppData\Local\Temp\jbsa-maven-parity-df46409b73df4b6ea642ec3c83171031\source\jbsa-conformance-tests\src\test\resources
[INFO] 
[INFO] --- compiler:3.16.0:testCompile (default-testCompile) @ jbsa-conformance-tests ---
[WARNING] I/O error reading dependency state: C:\Users\evild\AppData\Local\Temp\jbsa-maven-parity-df46409b73df4b6ea642ec3c83171031\source\jbsa-conformance-tests\target\classes: C:\Users\evild\AppData\Local\Temp\jbsa-maven-parity-df46409b73df4b6ea642ec3c83171031\source\jbsa-conformance-tests\target\classes
[INFO] Recompiling the module because of changed dependency.
[INFO] Compiling 30 source files with javac [debug parameters release 25] to target\test-classes
[INFO] 
[INFO] --- surefire:3.5.6:test (default-test) @ jbsa-conformance-tests ---
[INFO] 
[INFO] --- jar:3.5.1:jar (default-jar) @ jbsa-conformance-tests ---
[WARNING] JAR will be empty - no content was marked for inclusion!
[INFO] 
[INFO] --- failsafe:3.5.6:integration-test (verify-packaged-artifacts) @ jbsa-conformance-tests ---
[INFO] Using auto detected provider org.apache.maven.surefire.junitplatform.JUnitPlatformProvider
[INFO] 
[INFO] -------------------------------------------------------
[INFO]  T E S T S
[INFO] -------------------------------------------------------
[INFO] Running io.github.evildarkarchon.jbsa.verification.ModuleArchitectureIT
[INFO] Tests run: 16, Failures: 0, Errors: 0, Skipped: 0, Time elapsed: 0.110 s -- in io.github.evildarkarchon.jbsa.verification.ModuleArchitectureIT
[INFO] 
[INFO] Results:
[INFO] 
[INFO] Tests run: 16, Failures: 0, Errors: 0, Skipped: 0
[INFO] 
[INFO] 
[INFO] --- failsafe:3.5.6:verify (verify-packaged-artifacts) @ jbsa-conformance-tests ---
[INFO] 
[INFO] --- spotless:3.10.1:check (check-formatting) @ jbsa-conformance-tests ---
[INFO] Spotless.Java is keeping 30 files clean - 0 needs changes to be clean, 0 were already clean, 30 were skipped because caching determined they were already clean
[INFO] 
[INFO] --------------< io.github.evildarkarchon:jbsa-benchmarks >--------------
[INFO] Building JBSA build-only benchmarks 0.1.0-SNAPSHOT                 [6/7]
[INFO]   from jbsa-benchmarks\pom.xml
[INFO] --------------------------------[ jar ]---------------------------------
[INFO] 
[INFO] --- enforcer:3.6.3:enforce (enforce-build-foundation) @ jbsa-benchmarks ---
[INFO] Rule 2: org.apache.maven.enforcer.rules.dependency.DependencyConvergence passed
[INFO] Rule 4: org.apache.maven.enforcer.rules.RequirePluginVersions passed
[INFO] Rule 5: org.apache.maven.enforcer.rules.dependency.RequireReleaseDeps passed
[INFO] 
[INFO] --- resources:3.5.0:resources (default-resources) @ jbsa-benchmarks ---
[INFO] Copying 1 resource from src\main\resources to target\classes
[INFO] 
[INFO] --- compiler:3.16.0:compile (default-compile) @ jbsa-benchmarks ---
[INFO] Recompiling the module because of changed dependency.
[INFO] Compiling 5 source files with javac [debug parameters release 25] to target\classes
[INFO] 
[INFO] --- resources:3.5.0:testResources (default-testResources) @ jbsa-benchmarks ---
[INFO] skip non existing resourceDirectory C:\Users\evild\AppData\Local\Temp\jbsa-maven-parity-df46409b73df4b6ea642ec3c83171031\source\jbsa-benchmarks\src\test\resources
[INFO] 
[INFO] --- compiler:3.16.0:testCompile (default-testCompile) @ jbsa-benchmarks ---
[INFO] Recompiling the module because of changed dependency.
[INFO] Compiling 3 source files with javac [debug parameters release 25] to target\test-classes
[WARNING] No processor claimed any of these annotations: /org.junit.jupiter.api.io.TempDir,/org.junit.jupiter.api.Test
[INFO] 
[INFO] --- surefire:3.5.6:test (default-test) @ jbsa-benchmarks ---
[INFO] Using auto detected provider org.apache.maven.surefire.junitplatform.JUnitPlatformProvider
[INFO] 
[INFO] -------------------------------------------------------
[INFO]  T E S T S
[INFO] -------------------------------------------------------
[INFO] 
[INFO] Results:
[INFO] 
[INFO] Tests run: 0, Failures: 0, Errors: 0, Skipped: 0
[INFO] 
[INFO] 
[INFO] --- jar:3.5.1:jar (default-jar) @ jbsa-benchmarks ---
[INFO] Building jar: C:\Users\evild\AppData\Local\Temp\jbsa-maven-parity-df46409b73df4b6ea642ec3c83171031\source\jbsa-benchmarks\target\jbsa-benchmarks-0.1.0-SNAPSHOT.jar
[INFO] 
[INFO] --- shade:3.6.1:shade (default) @ jbsa-benchmarks ---
[WARNING] lwjgl-3.4.3-natives-windows.jar, lwjgl-3.4.3.jar define 1 overlapping resource: 
[WARNING]   - META-INF/windows/x64/org/lwjgl/lwjgl.dll.sha1
[WARNING] commons-math3-3.6.1.jar, jbsa-0.1.0-SNAPSHOT.jar, jbsa-benchmarks-0.1.0-SNAPSHOT.jar, jbsa-test-support-0.1.0-SNAPSHOT.jar, jmh-core-1.37.jar, jopt-simple-5.0.4.jar, lwjgl-3.4.3-natives-windows.jar, lwjgl-3.4.3.jar, lwjgl-lz4-3.4.3-natives-windows.jar, lwjgl-lz4-3.4.3.jar define 1 overlapping resource: 
[WARNING]   - META-INF/MANIFEST.MF
[WARNING] lwjgl-lz4-3.4.3-natives-windows.jar, lwjgl-lz4-3.4.3.jar define 1 overlapping resource: 
[WARNING]   - META-INF/windows/x64/org/lwjgl/lz4/lwjgl_lz4.dll.sha1
[WARNING] maven-shade-plugin has detected that some files are
[WARNING] present in two or more JARs. When this happens, only one
[WARNING] single version of the file is copied to the uber jar.
[WARNING] Usually this is not harmful and you can skip these warnings,
[WARNING] otherwise try to manually exclude artifacts based on
[WARNING] mvn dependency:tree -Ddetail=true and the above output.
[WARNING] See https://maven.apache.org/plugins/maven-shade-plugin/
[INFO] Attaching shaded artifact.
[INFO] 
[INFO] --- failsafe:3.5.6:integration-test (verify-packaged-artifacts) @ jbsa-benchmarks ---
[INFO] 
[INFO] --- failsafe:3.5.6:verify (verify-packaged-artifacts) @ jbsa-benchmarks ---
[INFO] No tests to run.
[INFO] 
[INFO] --- spotless:3.10.1:check (check-formatting) @ jbsa-benchmarks ---
[INFO] Spotless.Java is keeping 8 files clean - 0 needs changes to be clean, 0 were already clean, 8 were skipped because caching determined they were already clean
[INFO] 
[INFO] -----------------< io.github.evildarkarchon:jbsa-dist >-----------------
[INFO] Building JBSA build-only distribution assembly 0.1.0-SNAPSHOT      [7/7]
[INFO]   from jbsa-dist\pom.xml
[INFO] --------------------------------[ pom ]---------------------------------
[INFO] 
[INFO] --- enforcer:3.6.3:enforce (enforce-build-foundation) @ jbsa-dist ---
[INFO] Rule 2: org.apache.maven.enforcer.rules.dependency.DependencyConvergence passed
[INFO] Rule 4: org.apache.maven.enforcer.rules.RequirePluginVersions passed
[INFO] Rule 5: org.apache.maven.enforcer.rules.dependency.RequireReleaseDeps passed
[INFO] 
[INFO] --- dependency:3.11.0:copy-dependencies (stage-runtime-dependencies) @ jbsa-dist ---
[INFO] org.lwjgl:lwjgl:jar:3.4.3 already exists in destination.
[INFO] org.lwjgl:lwjgl-lz4:jar:3.4.3 already exists in destination.
[INFO] org.lwjgl:lwjgl:jar:natives-windows:3.4.3 already exists in destination.
[INFO] org.lwjgl:lwjgl-lz4:jar:natives-windows:3.4.3 already exists in destination.
[INFO] 
[INFO] --- failsafe:3.5.6:integration-test (verify-packaged-artifacts) @ jbsa-dist ---
[INFO] No tests to run.
[INFO] 
[INFO] --- failsafe:3.5.6:verify (verify-packaged-artifacts) @ jbsa-dist ---
[INFO] No tests to run.
[INFO] 
[INFO] --- spotless:3.10.1:check (check-formatting) @ jbsa-dist ---
[INFO] 
[INFO] --- exec:3.6.2:exec (stage-release-inputs) @ jbsa-dist ---
Staged 18 current release inputs for 0.1.0-SNAPSHOT.
[INFO] 
[INFO] --- exec:3.6.2:exec (verify-assembled-release-inputs) @ jbsa-dist ---
Compliance verification passed: policy, inventories, notices, tracked bytes, and release inputs are authorized.
[INFO] ------------------------------------------------------------------------
[INFO] Reactor Summary for JBSA reactor 0.1.0-SNAPSHOT:
[INFO] 
[INFO] JBSA reactor ....................................... SUCCESS [  5.713 s]
[INFO] JBSA archive library ............................... SUCCESS [  3.291 s]
[INFO] JBSA command-line interface ........................ SUCCESS [  1.636 s]
[INFO] JBSA build-only test support ....................... SUCCESS [  0.069 s]
[INFO] JBSA build-only conformance tests .................. SUCCESS [  1.844 s]
[INFO] JBSA build-only benchmarks ......................... SUCCESS [  1.356 s]
[INFO] JBSA build-only distribution assembly .............. SUCCESS [  5.941 s]
[INFO] ------------------------------------------------------------------------
[INFO] BUILD SUCCESS
[INFO] ------------------------------------------------------------------------
[INFO] Total time:  19.953 s
[INFO] Finished at: 2026-09-12T00:31:26-07:00
[INFO] ------------------------------------------------------------------------
