[INFO] Scanning for projects...
[INFO] ------------------------------------------------------------------------
[INFO] Reactor Build Order:
[INFO] 
[INFO] JBSA reactor                                                       [pom]
[INFO] JBSA archive library                                               [jar]
[INFO] JBSA command-line interface                                        [jar]
[INFO] JBSA build-only test support                                       [jar]
[INFO] JBSA build-only conformance tests                                  [jar]
[INFO] JBSA build-only benchmarks                                         [jar]
[INFO] JBSA build-only distribution assembly                              [pom]
[INFO] 
[INFO] ----------------< io.github.evildarkarchon:jbsa-parent >----------------
[INFO] Building JBSA reactor 0.1.0-SNAPSHOT                               [1/7]
[INFO]   from pom.xml
[INFO] --------------------------------[ pom ]---------------------------------
[INFO] 
[INFO] --- enforcer:3.6.3:enforce (enforce-build-foundation) @ jbsa-parent ---
[INFO] Rule 0: org.apache.maven.enforcer.rules.version.RequireMavenVersion passed
[INFO] Rule 1: org.apache.maven.enforcer.rules.version.RequireJavaVersion passed
[INFO] Rule 2: org.apache.maven.enforcer.rules.dependency.DependencyConvergence passed
[INFO] Rule 3: org.apache.maven.enforcer.rules.ReactorModuleConvergence passed
[INFO] Rule 4: org.apache.maven.enforcer.rules.RequirePluginVersions passed
[INFO] Rule 5: org.apache.maven.enforcer.rules.dependency.RequireReleaseDeps passed
[INFO] 
[INFO] --- failsafe:3.5.6:integration-test (verify-packaged-artifacts) @ jbsa-parent ---
[INFO] No tests to run.
[INFO] 
[INFO] --- failsafe:3.5.6:verify (verify-packaged-artifacts) @ jbsa-parent ---
[INFO] No tests to run.
[INFO] 
[INFO] --- spotless:3.10.1:check (check-formatting) @ jbsa-parent ---
[INFO] 
[INFO] --- cyclonedx:2.9.3:makeAggregateBom (generate-aggregate-sbom) @ jbsa-parent ---
[INFO] CycloneDX: Resolving Aggregated Dependencies
[INFO] Excluding jbsa-benchmarks
[INFO] Excluding jbsa-conformance-tests
[INFO] Excluding jbsa-dist
[INFO] Excluding jbsa-test-support
[INFO] CycloneDX: Creating BOM version 1.6 with 6 component(s)
[INFO] CycloneDX: Writing and validating BOM (JSON): C:\Users\evild\AppData\Local\Temp\jbsa-maven-parity-df46409b73df4b6ea642ec3c83171031\source\target\compliance\jbsa.cdx.json
[WARNING] Unknown keyword meta:enum - you should define your own Meta Schema. If the keyword is irrelevant for validation, just use a NonValidationKeyword or if it should generate annotations AnnotationKeyword
[WARNING] Unknown keyword deprecated - you should define your own Meta Schema. If the keyword is irrelevant for validation, just use a NonValidationKeyword or if it should generate annotations AnnotationKeyword
[INFO] 
[INFO] --- exec:3.6.2:exec (verify-compliance-evidence) @ jbsa-parent ---
Compliance verification passed: policy, inventories, notices, tracked bytes, and release inputs are authorized.
[INFO] 
[INFO] -------------------< io.github.evildarkarchon:jbsa >--------------------
[INFO] Building JBSA archive library 0.1.0-SNAPSHOT                       [2/7]
[INFO]   from jbsa\pom.xml
[INFO] --------------------------------[ jar ]---------------------------------
[INFO] 
[INFO] --- enforcer:3.6.3:enforce (enforce-build-foundation) @ jbsa ---
[INFO] Rule 2: org.apache.maven.enforcer.rules.dependency.DependencyConvergence passed
[INFO] Rule 4: org.apache.maven.enforcer.rules.RequirePluginVersions passed
[INFO] Rule 5: org.apache.maven.enforcer.rules.dependency.RequireReleaseDeps passed
[INFO] 
[INFO] --- resources:3.5.0:resources (default-resources) @ jbsa ---
[INFO] Copying 2 resources from src\main\resources to target\classes
[INFO] 
[INFO] --- flatten:1.8.0:flatten (flatten-consumer-pom) @ jbsa ---
[INFO] Generating flattened POM of project io.github.evildarkarchon:jbsa:jar:0.1.0-SNAPSHOT...
[INFO] 
[INFO] --- compiler:3.16.0:compile (default-compile) @ jbsa ---
[INFO] Nothing to compile - all classes are up to date.
[INFO] 
[INFO] --- resources:3.5.0:testResources (default-testResources) @ jbsa ---
[INFO] skip non existing resourceDirectory C:\Users\evild\AppData\Local\Temp\jbsa-maven-parity-df46409b73df4b6ea642ec3c83171031\source\jbsa\src\test\resources
[INFO] 
[INFO] --- compiler:3.16.0:testCompile (default-testCompile) @ jbsa ---
[INFO] Nothing to compile - all classes are up to date.
[INFO] 
[INFO] --- surefire:3.5.6:test (default-test) @ jbsa ---
[INFO] Using auto detected provider org.apache.maven.surefire.junitplatform.JUnitPlatformProvider
[INFO] 
[INFO] -------------------------------------------------------
[INFO]  T E S T S
[INFO] -------------------------------------------------------
[INFO] 
[INFO] Results:
[INFO] 
[INFO] Tests run: 0, Failures: 0, Errors: 0, Skipped: 0
[INFO] 
[INFO] 
[INFO] --- jar:3.5.1:jar (default-jar) @ jbsa ---
[INFO] 
[INFO] --- source:3.4.0:jar-no-fork (attach-sources) @ jbsa ---
[INFO] 
[INFO] --- javadoc:3.12.0:jar (attach-javadocs) @ jbsa ---
[INFO] Building jar: C:\Users\evild\AppData\Local\Temp\jbsa-maven-parity-df46409b73df4b6ea642ec3c83171031\source\jbsa\target\jbsa-0.1.0-SNAPSHOT-javadoc.jar
[INFO] 
[INFO] --- failsafe:3.5.6:integration-test (verify-packaged-artifacts) @ jbsa ---
[INFO] 
[INFO] --- failsafe:3.5.6:verify (verify-packaged-artifacts) @ jbsa ---
[INFO] No tests to run.
[INFO] 
[INFO] --- spotless:3.10.1:check (check-formatting) @ jbsa ---
[INFO] Spotless.Java is keeping 118 files clean - 0 needs changes to be clean, 0 were already clean, 118 were skipped because caching determined they were already clean
[INFO] 
[INFO] -----------------< io.github.evildarkarchon:jbsa-cli >------------------
[INFO] Building JBSA command-line interface 0.1.0-SNAPSHOT                [3/7]
[INFO]   from jbsa-cli\pom.xml
[INFO] --------------------------------[ jar ]---------------------------------
[INFO] 
[INFO] --- enforcer:3.6.3:enforce (enforce-build-foundation) @ jbsa-cli ---
[INFO] Rule 2: org.apache.maven.enforcer.rules.dependency.DependencyConvergence passed
[INFO] Rule 4: org.apache.maven.enforcer.rules.RequirePluginVersions passed
[INFO] Rule 5: org.apache.maven.enforcer.rules.dependency.RequireReleaseDeps passed
[INFO] 
[INFO] --- resources:3.5.0:resources (default-resources) @ jbsa-cli ---
[INFO] skip non existing resourceDirectory C:\Users\evild\AppData\Local\Temp\jbsa-maven-parity-df46409b73df4b6ea642ec3c83171031\source\jbsa-cli\src\main\resources
[INFO] 
[INFO] --- compiler:3.16.0:compile (default-compile) @ jbsa-cli ---
[INFO] Nothing to compile - all classes are up to date.
[INFO] 
[INFO] --- resources:3.5.0:testResources (default-testResources) @ jbsa-cli ---
[INFO] skip non existing resourceDirectory C:\Users\evild\AppData\Local\Temp\jbsa-maven-parity-df46409b73df4b6ea642ec3c83171031\source\jbsa-cli\src\test\resources
[INFO] 
[INFO] --- compiler:3.16.0:testCompile (default-testCompile) @ jbsa-cli ---
[INFO] Nothing to compile - all classes are up to date.
[INFO] 
[INFO] --- surefire:3.5.6:test (default-test) @ jbsa-cli ---
[INFO] Using auto detected provider org.apache.maven.surefire.junitplatform.JUnitPlatformProvider
[INFO] 
[INFO] -------------------------------------------------------
[INFO]  T E S T S
[INFO] -------------------------------------------------------
[INFO] 
[INFO] Results:
[INFO] 
[INFO] Tests run: 0, Failures: 0, Errors: 0, Skipped: 0
[INFO] 
[INFO] 
[INFO] --- jar:3.5.1:jar (default-jar) @ jbsa-cli ---
[INFO] 
[INFO] --- failsafe:3.5.6:integration-test (verify-packaged-artifacts) @ jbsa-cli ---
[INFO] 
[INFO] --- failsafe:3.5.6:verify (verify-packaged-artifacts) @ jbsa-cli ---
[INFO] No tests to run.
[INFO] 
[INFO] --- spotless:3.10.1:check (check-formatting) @ jbsa-cli ---
[INFO] Spotless.Java is keeping 5 files clean - 0 needs changes to be clean, 0 were already clean, 5 were skipped because caching determined they were already clean
[INFO] 
[INFO] -------------< io.github.evildarkarchon:jbsa-test-support >-------------
[INFO] Building JBSA build-only test support 0.1.0-SNAPSHOT               [4/7]
[INFO]   from jbsa-test-support\pom.xml
[INFO] --------------------------------[ jar ]---------------------------------
[INFO] 
[INFO] --- enforcer:3.6.3:enforce (enforce-build-foundation) @ jbsa-test-support ---
[INFO] Rule 2: org.apache.maven.enforcer.rules.dependency.DependencyConvergence passed
[INFO] Rule 4: org.apache.maven.enforcer.rules.RequirePluginVersions passed
[INFO] Rule 5: org.apache.maven.enforcer.rules.dependency.RequireReleaseDeps passed
[INFO] 
[INFO] --- resources:3.5.0:resources (default-resources) @ jbsa-test-support ---
[INFO] skip non existing resourceDirectory C:\Users\evild\AppData\Local\Temp\jbsa-maven-parity-df46409b73df4b6ea642ec3c83171031\source\jbsa-test-support\src\main\resources
[INFO] 
[INFO] --- compiler:3.16.0:compile (default-compile) @ jbsa-test-support ---
[INFO] Nothing to compile - all classes are up to date.
[INFO] 
[INFO] --- resources:3.5.0:testResources (default-testResources) @ jbsa-test-support ---
[INFO] skip non existing resourceDirectory C:\Users\evild\AppData\Local\Temp\jbsa-maven-parity-df46409b73df4b6ea642ec3c83171031\source\jbsa-test-support\src\test\resources
[INFO] 
[INFO] --- compiler:3.16.0:testCompile (default-testCompile) @ jbsa-test-support ---
[INFO] No sources to compile
[INFO] 
[INFO] --- surefire:3.5.6:test (default-test) @ jbsa-test-support ---
[INFO] No tests to run.
[INFO] 
[INFO] --- jar:3.5.1:jar (default-jar) @ jbsa-test-support ---
[INFO] 
[INFO] --- failsafe:3.5.6:integration-test (verify-packaged-artifacts) @ jbsa-test-support ---
[INFO] No tests to run.
[INFO] 
[INFO] --- failsafe:3.5.6:verify (verify-packaged-artifacts) @ jbsa-test-support ---
[INFO] No tests to run.
[INFO] 
[INFO] --- spotless:3.10.1:check (check-formatting) @ jbsa-test-support ---
[INFO] Spotless.Java is keeping 3 files clean - 0 needs changes to be clean, 0 were already clean, 3 were skipped because caching determined they were already clean
[INFO] 
[INFO] ----------< io.github.evildarkarchon:jbsa-conformance-tests >-----------
[INFO] Building JBSA build-only conformance tests 0.1.0-SNAPSHOT          [5/7]
[INFO]   from jbsa-conformance-tests\pom.xml
[INFO] --------------------------------[ jar ]---------------------------------
[INFO] 
[INFO] --- enforcer:3.6.3:enforce (enforce-build-foundation) @ jbsa-conformance-tests ---
[INFO] Rule 2: org.apache.maven.enforcer.rules.dependency.DependencyConvergence passed
[INFO] Rule 4: org.apache.maven.enforcer.rules.RequirePluginVersions passed
[INFO] Rule 5: org.apache.maven.enforcer.rules.dependency.RequireReleaseDeps passed
[INFO] 
[INFO] --- resources:3.5.0:resources (default-resources) @ jbsa-conformance-tests ---
[INFO] skip non existing resourceDirectory C:\Users\evild\AppData\Local\Temp\jbsa-maven-parity-df46409b73df4b6ea642ec3c83171031\source\jbsa-conformance-tests\src\main\resources
[INFO] 
[INFO] --- compiler:3.16.0:compile (default-compile) @ jbsa-conformance-tests ---
[INFO] No sources to compile
[INFO] 
[INFO] --- resources:3.5.0:testResources (default-testResources) @ jbsa-conformance-tests ---
[INFO] skip non existing resourceDirectory C:\Users\evild\AppData\Local\Temp\jbsa-maven-parity-df46409b73df4b6ea642ec3c83171031\source\jbsa-conformance-tests\src\test\resources
[INFO] 
[INFO] --- compiler:3.16.0:testCompile (default-testCompile) @ jbsa-conformance-tests ---
[WARNING] I/O error reading dependency state: C:\Users\evild\AppData\Local\Temp\jbsa-maven-parity-df46409b73df4b6ea642ec3c83171031\source\jbsa-conformance-tests\target\classes: C:\Users\evild\AppData\Local\Temp\jbsa-maven-parity-df46409b73df4b6ea642ec3c83171031\source\jbsa-conformance-tests\target\classes
[INFO] Nothing to compile - all classes are up to date.
[INFO] 
[INFO] --- surefire:3.5.6:test (default-test) @ jbsa-conformance-tests ---
[INFO] 
[INFO] --- jar:3.5.1:jar (default-jar) @ jbsa-conformance-tests ---
[WARNING] JAR will be empty - no content was marked for inclusion!
[INFO] 
[INFO] --- failsafe:3.5.6:integration-test (verify-packaged-artifacts) @ jbsa-conformance-tests ---
[INFO] Using auto detected provider org.apache.maven.surefire.junitplatform.JUnitPlatformProvider
[INFO] 
[INFO] -------------------------------------------------------
[INFO]  T E S T S
[INFO] -------------------------------------------------------
[INFO] Running io.github.evildarkarchon.jbsa.verification.ConformanceHarnessIT
[ERROR] Tests run: 6, Failures: 2, Errors: 0, Skipped: 0, Time elapsed: 295.1 s <<< FAILURE! -- in io.github.evildarkarchon.jbsa.verification.ConformanceHarnessIT
[ERROR] io.github.evildarkarchon.jbsa.verification.ConformanceHarnessIT.publicHarnessCommands()[1] -- Time elapsed: 120.1 s <<< FAILURE!
org.opentest4j.AssertionFailedError: tests/conformance/test-catalog.ps1 timed out; see C:\Users\evild\AppData\Local\Temp\jbsa-maven-parity-df46409b73df4b6ea642ec3c83171031\source\target\conformance-check-18284604430051282600.log ==> expected: <true> but was: <false>
	at org.junit.jupiter.api.Assertions.assertTrue(Assertions.java:199)
	at io.github.evildarkarchon.jbsa.verification.ConformanceHarnessIT.runCheck(ConformanceHarnessIT.java:58)
	at io.github.evildarkarchon.jbsa.verification.ConformanceHarnessIT.lambda$publicHarnessCommands$1(ConformanceHarnessIT.java:31)

[ERROR] io.github.evildarkarchon.jbsa.verification.ConformanceHarnessIT.publicHarnessCommands()[2] -- Time elapsed: 120.1 s <<< FAILURE!
org.opentest4j.AssertionFailedError: tests/conformance/test-rebaseline.ps1 timed out; see C:\Users\evild\AppData\Local\Temp\jbsa-maven-parity-df46409b73df4b6ea642ec3c83171031\source\target\conformance-check-17250969735911066378.log ==> expected: <true> but was: <false>
	at org.junit.jupiter.api.Assertions.assertTrue(Assertions.java:199)
	at io.github.evildarkarchon.jbsa.verification.ConformanceHarnessIT.runCheck(ConformanceHarnessIT.java:58)
	at io.github.evildarkarchon.jbsa.verification.ConformanceHarnessIT.lambda$publicHarnessCommands$1(ConformanceHarnessIT.java:31)

[INFO] 
[INFO] Results:
[INFO] 
[ERROR] Failures: 
[ERROR]   ConformanceHarnessIT.lambda$publicHarnessCommands$1:31->runCheck:58 tests/conformance/test-catalog.ps1 timed out; see C:\Users\evild\AppData\Local\Temp\jbsa-maven-parity-df46409b73df4b6ea642ec3c83171031\source\target\conformance-check-18284604430051282600.log ==> expected: <true> but was: <false>
[ERROR]   ConformanceHarnessIT.lambda$publicHarnessCommands$1:31->runCheck:58 tests/conformance/test-rebaseline.ps1 timed out; see C:\Users\evild\AppData\Local\Temp\jbsa-maven-parity-df46409b73df4b6ea642ec3c83171031\source\target\conformance-check-17250969735911066378.log ==> expected: <true> but was: <false>
[INFO] 
[ERROR] Tests run: 6, Failures: 2, Errors: 0, Skipped: 0
[INFO] 
[INFO] 
[INFO] --- failsafe:3.5.6:verify (verify-packaged-artifacts) @ jbsa-conformance-tests ---
[INFO] ------------------------------------------------------------------------
[INFO] Reactor Summary for JBSA reactor 0.1.0-SNAPSHOT:
[INFO] 
[INFO] JBSA reactor ....................................... SUCCESS [  5.761 s]
[INFO] JBSA archive library ............................... SUCCESS [  3.076 s]
[INFO] JBSA command-line interface ........................ SUCCESS [  0.694 s]
[INFO] JBSA build-only test support ....................... SUCCESS [  0.060 s]
[INFO] JBSA build-only conformance tests .................. FAILURE [04:55 min]
[INFO] JBSA build-only benchmarks ......................... SKIPPED
[INFO] JBSA build-only distribution assembly .............. SKIPPED
[INFO] ------------------------------------------------------------------------
[INFO] BUILD FAILURE
[INFO] ------------------------------------------------------------------------
[INFO] Total time:  05:05 min
[INFO] Finished at: 2026-09-12T00:38:53-07:00
[INFO] ------------------------------------------------------------------------
[ERROR] Failed to execute goal org.apache.maven.plugins:maven-failsafe-plugin:3.5.6:verify (verify-packaged-artifacts) on project jbsa-conformance-tests: There are test failures.
[ERROR] 
[ERROR] See C:\Users\evild\AppData\Local\Temp\jbsa-maven-parity-df46409b73df4b6ea642ec3c83171031\source\jbsa-conformance-tests\target\failsafe-reports for the individual test results.
[ERROR] See dump files (if any exist) [date].dump, [date]-jvmRun[N].dump and [date].dumpstream.
[ERROR] -> [Help 1]
[ERROR] 
[ERROR] To see the full stack trace of the errors, re-run Maven with the -e switch.
[ERROR] Re-run Maven using the -X switch to enable full debug logging.
[ERROR] 
[ERROR] For more information about the errors and possible solutions, please read the following articles:
[ERROR] [Help 1] http://cwiki.apache.org/confluence/display/MAVEN/MojoFailureException
[ERROR] 
[ERROR] After correcting the problems, you can resume the build with the command
[ERROR]   mvn <args> -rf :jbsa-conformance-tests
