[INFO] Scanning for projects...
[INFO] ------------------------------------------------------------------------
[INFO] Reactor Build Order:
[INFO] 
[INFO] JBSA reactor                                                       [pom]
[INFO] JBSA archive library                                               [jar]
[INFO] JBSA command-line interface                                        [jar]
[INFO] JBSA build-only test support                                       [jar]
[INFO] JBSA build-only conformance tests                                  [jar]
[INFO] JBSA build-only benchmarks                                         [jar]
[INFO] JBSA build-only distribution assembly                              [pom]
[INFO] 
[INFO] ----------------< io.github.evildarkarchon:jbsa-parent >----------------
[INFO] Building JBSA reactor 0.1.0-SNAPSHOT                               [1/7]
[INFO]   from pom.xml
[INFO] --------------------------------[ pom ]---------------------------------
[INFO] 
[INFO] --- dependency:3.11.0:tree (default-cli) @ jbsa-parent ---
[INFO] Wrote dependency tree to: C:\Users\evild\AppData\Local\Temp\jbsa-maven-parity-5171c6d1e46447239b505c7527fa8c7b\source\target\parity-resolved-dependencies.json
[INFO] 
[INFO] -------------------< io.github.evildarkarchon:jbsa >--------------------
[INFO] Building JBSA archive library 0.1.0-SNAPSHOT                       [2/7]
[INFO]   from jbsa\pom.xml
[INFO] --------------------------------[ jar ]---------------------------------
[INFO] 
[INFO] --- dependency:3.11.0:tree (default-cli) @ jbsa ---
[INFO] Wrote dependency tree to: C:\Users\evild\AppData\Local\Temp\jbsa-maven-parity-5171c6d1e46447239b505c7527fa8c7b\source\jbsa\target\parity-resolved-dependencies.json
[INFO] 
[INFO] -----------------< io.github.evildarkarchon:jbsa-cli >------------------
[INFO] Building JBSA command-line interface 0.1.0-SNAPSHOT                [3/7]
[INFO]   from jbsa-cli\pom.xml
[INFO] --------------------------------[ jar ]---------------------------------
[INFO] 
[INFO] --- dependency:3.11.0:tree (default-cli) @ jbsa-cli ---
[INFO] Wrote dependency tree to: C:\Users\evild\AppData\Local\Temp\jbsa-maven-parity-5171c6d1e46447239b505c7527fa8c7b\source\jbsa-cli\target\parity-resolved-dependencies.json
[INFO] 
[INFO] -------------< io.github.evildarkarchon:jbsa-test-support >-------------
[INFO] Building JBSA build-only test support 0.1.0-SNAPSHOT               [4/7]
[INFO]   from jbsa-test-support\pom.xml
[INFO] --------------------------------[ jar ]---------------------------------
[INFO] 
[INFO] --- dependency:3.11.0:tree (default-cli) @ jbsa-test-support ---
[INFO] Wrote dependency tree to: C:\Users\evild\AppData\Local\Temp\jbsa-maven-parity-5171c6d1e46447239b505c7527fa8c7b\source\jbsa-test-support\target\parity-resolved-dependencies.json
[INFO] 
[INFO] ----------< io.github.evildarkarchon:jbsa-conformance-tests >-----------
[INFO] Building JBSA build-only conformance tests 0.1.0-SNAPSHOT          [5/7]
[INFO]   from jbsa-conformance-tests\pom.xml
[INFO] --------------------------------[ jar ]---------------------------------
[INFO] 
[INFO] --- dependency:3.11.0:tree (default-cli) @ jbsa-conformance-tests ---
[INFO] Wrote dependency tree to: C:\Users\evild\AppData\Local\Temp\jbsa-maven-parity-5171c6d1e46447239b505c7527fa8c7b\source\jbsa-conformance-tests\target\parity-resolved-dependencies.json
[INFO] 
[INFO] --------------< io.github.evildarkarchon:jbsa-benchmarks >--------------
[INFO] Building JBSA build-only benchmarks 0.1.0-SNAPSHOT                 [6/7]
[INFO]   from jbsa-benchmarks\pom.xml
[INFO] --------------------------------[ jar ]---------------------------------
[INFO] 
[INFO] --- dependency:3.11.0:tree (default-cli) @ jbsa-benchmarks ---
[INFO] Wrote dependency tree to: C:\Users\evild\AppData\Local\Temp\jbsa-maven-parity-5171c6d1e46447239b505c7527fa8c7b\source\jbsa-benchmarks\target\parity-resolved-dependencies.json
[INFO] 
[INFO] -----------------< io.github.evildarkarchon:jbsa-dist >-----------------
[INFO] Building JBSA build-only distribution assembly 0.1.0-SNAPSHOT      [7/7]
[INFO]   from jbsa-dist\pom.xml
[INFO] --------------------------------[ pom ]---------------------------------
[INFO] 
[INFO] --- dependency:3.11.0:tree (default-cli) @ jbsa-dist ---
[INFO] Wrote dependency tree to: C:\Users\evild\AppData\Local\Temp\jbsa-maven-parity-5171c6d1e46447239b505c7527fa8c7b\source\jbsa-dist\target\parity-resolved-dependencies.json
[INFO] ------------------------------------------------------------------------
[INFO] Reactor Summary for JBSA reactor 0.1.0-SNAPSHOT:
[INFO] 
[INFO] JBSA reactor ....................................... SUCCESS [  0.728 s]
[INFO] JBSA archive library ............................... SUCCESS [  0.027 s]
[INFO] JBSA command-line interface ........................ SUCCESS [  0.008 s]
[INFO] JBSA build-only test support ....................... SUCCESS [  0.002 s]
[INFO] JBSA build-only conformance tests .................. SUCCESS [  0.005 s]
[INFO] JBSA build-only benchmarks ......................... SUCCESS [  0.014 s]
[INFO] JBSA build-only distribution assembly .............. SUCCESS [  0.003 s]
[INFO] ------------------------------------------------------------------------
[INFO] BUILD SUCCESS
[INFO] ------------------------------------------------------------------------
[INFO] Total time:  0.953 s
[INFO] Finished at: 2026-09-11T23:58:08-07:00
[INFO] ------------------------------------------------------------------------
